EXECUTED_PROGRAM

ret > ExitSuccess
out > 123.4 = 123.4
out > -42.9 = -42.9
out > 1.0 = 1.0
out > -0.0 = -0.0
out > NaN = NaN
out > Infinity = Infinity
out > -Infinity = -Infinity
out > Infinity ≡ᵇ Infinity = true
out > NaN ≡ᵇ  NaN = false
out > NaN ≡ᵇ -NaN = false
out > 0.0 ≡ᵇ -0.0 = true
out > isZero 0.0 = pos
out > isZero -0.0 = neg
out > isZero 1.0 = nonzero
out > NaN ≡ᵇ NaN  = false
out > 0.0 ≡ᵇ -0.0 = true
out > 0.0 ≡ᵇ 12.0 = false
out > NaN  <ᵇ -Infinity = false
out > -Infinity <ᵇ NaN  = false
out > 0.0  <ᵇ -0.0 = false
out > -0.0 <ᵇ 0.0  = false
out > NaN  <ᵇ NaN  = false
out > -NaN <ᵇ -NaN = false
out > NaN  <ᵇ -NaN = false
out > -NaN <ᵇ NaN  = false
out > NaN  <ᵇ -5.0 = false
out > -5.0 <ᵇ NaN  = false
out > NaN  <ᵇ -Infinity = false
out > -Infinity <ᵇ NaN  = false
out > 0.0  <ᵇ -0.0 = false
out > -0.0 <ᵇ 0.0  = false
out > NaN  <ᵇ NaN  = false
out > -NaN <ᵇ -NaN = false
out > NaN  <ᵇ -NaN = false
out > -NaN <ᵇ NaN  = false
out > NaN  <ᵇ -5.0 = false
out > -5.0 <ᵇ NaN  = false
out > e                   = 2.718281828459045
out > sin (asin 0.6)      = 0.6
out > cos (acos 0.6)      = 0.6
out > tan (atan 0.4)      = 0.4
out > tan (atan2 0.4 1.0) = 0.4
out >
